Configuraci贸n del disco sin modificaci贸n de Vagrantfile ni ansibleaio_setup.sh:

$ lsblk
NAME            MAJ:MIN RM SIZE RO TYPE MOUNTPOINT
sda               8:0    0  80G  0 disk 
|-sda1            8:1    0   1G  0 part /boot
`-sda2            8:2    0  79G  0 part 
  |-centos-root 253:0    0  50G  0 lvm  /
  |-centos-swap 253:1    0   1G  0 lvm  [SWAP]
  `-centos-home 253:2    0  28G  0 lvm  /home


$ sudo parted /dev/sda print free
Model: ATA VBOX HARDDISK (scsi)
Disk /dev/sda: 85.9GB
Sector size (logical/physical): 512B/512B
Partition Table: msdos
Disk Flags: 

Number  Start   End     Size    Type     File system  Flags
        32.3kB  1049kB  1016kB           Free Space
 1      1049kB  1075MB  1074MB  primary  xfs          boot
 2      1075MB  85.9GB  84.8GB  primary               lvm


$ sudo pvdisplay
  --- Physical volume ---
  PV Name               /dev/sda2
  VG Name               centos
  PV Size               <79.00 GiB / not usable 3.00 MiB
  Allocatable           yes 
  PE Size               4.00 MiB
  Total PE              20223
  Free PE               1
  Allocated PE          20222
  PV UUID               uECciK-dcRL-FLXc-p5Fu-Lmqg-0pvB-jXtJr8


$ sudo vgdisplay
  --- Volume group ---
  VG Name               centos
  System ID             
  Format                lvm2
  Metadata Areas        1
  Metadata Sequence No  4
  VG Access             read/write
  VG Status             resizable
  MAX LV                0
  Cur LV                3
  Open LV               3
  Max PV                0
  Cur PV                1
  Act PV                1
  VG Size               <79.00 GiB
  PE Size               4.00 MiB
  Total PE              20223
  Alloc PE / Size       20222 / 78.99 GiB
  Free  PE / Size       1 / 4.00 MiB
  VG UUID               m1kKN5-d6g3-u9R4-aaCX-f1Eh-yNB9-bUfoIK


$ sudo lvdisplay
  --- Logical volume ---
  LV Path                /dev/centos/swap
  LV Name                swap
  VG Name                centos
  LV UUID                eRy5cz-CO56-PBYC-6tlk-4WiW-Fb2v-z1sQt1
  LV Write Access        read/write
  LV Creation host, time localhost.localdomain, 2020-02-10 03:53:32 +0000
  LV Status              available
  # open                 2
  LV Size                1.00 GiB
  Current LE             256
  Segments               1
  Allocation             inherit
  Read ahead sectors     auto
  - currently set to     8192
  Block device           253:1
   
  --- Logical volume ---
  LV Path                /dev/centos/home
  LV Name                home
  VG Name                centos
  LV UUID                z7M5yV-qm1O-ySq1-ExF6-uX2K-nMEI-9cDRpd
  LV Write Access        read/write
  LV Creation host, time localhost.localdomain, 2020-02-10 03:53:33 +0000
  LV Status              available
  # open                 1
  LV Size                27.99 GiB
  Current LE             7166
  Segments               1
  Allocation             inherit
  Read ahead sectors     auto
  - currently set to     8192
  Block device           253:2
   
  --- Logical volume ---
  LV Path                /dev/centos/root
  LV Name                root
  VG Name                centos
  LV UUID                VlC4TI-gzPK-MD2B-Sfdu-3m29-uxPe-3fDUod
  LV Write Access        read/write
  LV Creation host, time localhost.localdomain, 2020-02-10 03:53:33 +0000
  LV Status              available
  # open                 1
  LV Size                50.00 GiB
  Current LE             12800
  Segments               1
  Allocation             inherit
  Read ahead sectors     auto
  - currently set to     8192
  Block device           253:0



Configuraci贸n del disco con modificaci贸n de Vagrantfile y ansibleaio_setup.sh:

$ lsblk
NAME            MAJ:MIN RM SIZE RO TYPE MOUNTPOINT
sda               8:0    0  90G  0 disk 
|-sda1            8:1    0   1G  0 part /boot
`-sda2            8:2    0  89G  0 part 
  |-centos-root 253:0    0  60G  0 lvm  /
  |-centos-swap 253:1    0   1G  0 lvm  [SWAP]
  `-centos-home 253:2    0  28G  0 lvm  /home


$ sudo parted /dev/sda print free
Model: ATA VBOX HARDDISK (scsi)
Disk /dev/sda: 96.6GB
Sector size (logical/physical): 512B/512B
Partition Table: msdos
Disk Flags: 

Number  Start   End     Size    Type     File system  Flags
        32.3kB  1049kB  1016kB           Free Space
 1      1049kB  1075MB  1074MB  primary  xfs          boot
 2      1075MB  96.6GB  95.6GB  primary               lvm


$ sudo pvdisplay
  --- Physical volume ---
  PV Name               /dev/sda2
  VG Name               centos
  PV Size               <89.00 GiB / not usable 2.00 MiB
  Allocatable           yes (but full)
  PE Size               4.00 MiB
  Total PE              22783
  Free PE               0
  Allocated PE          22783
  PV UUID               uECciK-dcRL-FLXc-p5Fu-Lmqg-0pvB-jXtJr8

$ sudo vgdisplay
  --- Volume group ---
  VG Name               centos
  System ID             
  Format                lvm2
  Metadata Areas        1
  Metadata Sequence No  6
  VG Access             read/write
  VG Status             resizable
  MAX LV                0
  Cur LV                3
  Open LV               3
  Max PV                0
  Cur PV                1
  Act PV                1
  VG Size               <89.00 GiB
  PE Size               4.00 MiB
  Total PE              22783
  Alloc PE / Size       22783 / <89.00 GiB
  Free  PE / Size       0 / 0   
  VG UUID               m1kKN5-d6g3-u9R4-aaCX-f1Eh-yNB9-bUfoIK


$ sudo lvdisplay
  --- Logical volume ---
  LV Path                /dev/centos/swap
  LV Name                swap
  VG Name                centos
  LV UUID                eRy5cz-CO56-PBYC-6tlk-4WiW-Fb2v-z1sQt1
  LV Write Access        read/write
  LV Creation host, time localhost.localdomain, 2020-02-10 03:53:32 +0000
  LV Status              available
  # open                 2
  LV Size                1.00 GiB
  Current LE             256
  Segments               1
  Allocation             inherit
  Read ahead sectors     auto
  - currently set to     8192
  Block device           253:1
   
  --- Logical volume ---
  LV Path                /dev/centos/home
  LV Name                home
  VG Name                centos
  LV UUID                z7M5yV-qm1O-ySq1-ExF6-uX2K-nMEI-9cDRpd
  LV Write Access        read/write
  LV Creation host, time localhost.localdomain, 2020-02-10 03:53:33 +0000
  LV Status              available
  # open                 1
  LV Size                27.99 GiB
  Current LE             7166
  Segments               1
  Allocation             inherit
  Read ahead sectors     auto
  - currently set to     8192
  Block device           253:2
   
  --- Logical volume ---
  LV Path                /dev/centos/root
  LV Name                root
  VG Name                centos
  LV UUID                VlC4TI-gzPK-MD2B-Sfdu-3m29-uxPe-3fDUod
  LV Write Access        read/write
  LV Creation host, time localhost.localdomain, 2020-02-10 03:53:33 +0000
  LV Status              available
  # open                 1
  LV Size                60.00 GiB
  Current LE             15361
  Segments               1
  Allocation             inherit
  Read ahead sectors     auto
  - currently set to     8192
  Block device           253:0